// Jest Snapshot v1, https://goo.gl/fbAQLP

exports[`User page User snapshot 1`] = `
Object {
  "asFragment": [Function],
  "baseElement": <body>
    <div>
      <div
        data-testid="User"
      >
        <div
          data-testid="GoBackButton"
        >
          <button
            class="MuiButtonBase-root MuiIconButton-root MuiIconButton-colorPrimary MuiIconButton-sizeMedium css-1kuq5xv-MuiButtonBase-root-MuiIconButton-root"
            tabindex="0"
            type="button"
          >
            <svg
              aria-hidden="true"
              class="MuiSvgIcon-root MuiSvgIcon-fontSizeMedium css-h0nxb2-MuiSvgIcon-root"
              data-testid="ArrowBackIcon"
              focusable="false"
              viewBox="0 0 24 24"
            >
              <path
                d="M20 11H7.83l5.59-5.59L12 4l-8 8 8 8 1.41-1.41L7.83 13H20v-2z"
              />
            </svg>
            <span
              class="MuiTouchRipple-root css-8je8zh-MuiTouchRipple-root"
            />
          </button>
        </div>
        <div
          class="MuiGrid-root MuiGrid-container MuiGrid-spacing-xs-3 css-zow5z4-MuiGrid-root"
        >
          <div
            class="MuiGrid-root MuiGrid-item MuiGrid-grid-xs-12 MuiGrid-grid-md-4 css-1lj5egr-MuiGrid-root"
            data-testid="UserInfo"
          >
            <div
              class="MuiPaper-root MuiPaper-elevation MuiPaper-rounded MuiPaper-elevation1 MuiCard-root css-84mkcn-MuiPaper-root-MuiCard-root"
            >
              <div
                class="MuiBox-root css-u9vudo"
                data-testid="Loader"
              >
                <span
                  class="MuiCircularProgress-root MuiCircularProgress-indeterminate MuiCircularProgress-colorPrimary css-18lrjg1-MuiCircularProgress-root"
                  role="progressbar"
                  style="width: 40px; height: 40px;"
                >
                  <svg
                    class="MuiCircularProgress-svg css-1idz92c-MuiCircularProgress-svg"
                    viewBox="22 22 44 44"
                  >
                    <circle
                      class="MuiCircularProgress-circle MuiCircularProgress-circleIndeterminate css-176wh8e-MuiCircularProgress-circle"
                      cx="44"
                      cy="44"
                      fill="none"
                      r="20.2"
                      stroke-width="3.6"
                    />
                  </svg>
                </span>
              </div>
            </div>
          </div>
          <div
            class="MuiGrid-root MuiGrid-item MuiGrid-grid-xs-12 MuiGrid-grid-md-8 css-9drkqd-MuiGrid-root"
            data-testid="UserTechnologies"
          >
            <div
              class="MuiPaper-root MuiPaper-elevation MuiPaper-rounded MuiPaper-elevation1 MuiCard-root css-u5bj03-MuiPaper-root-MuiCard-root"
            >
              <h6
                class="MuiTypography-root MuiTypography-h6 css-khsj22-MuiTypography-root"
              >
                Технологии:
              </h6>
              <div
                class="MuiBox-root css-u9vudo"
                data-testid="Loader"
              >
                <span
                  class="MuiCircularProgress-root MuiCircularProgress-indeterminate MuiCircularProgress-colorPrimary css-18lrjg1-MuiCircularProgress-root"
                  role="progressbar"
                  style="width: 40px; height: 40px;"
                >
                  <svg
                    class="MuiCircularProgress-svg css-1idz92c-MuiCircularProgress-svg"
                    viewBox="22 22 44 44"
                  >
                    <circle
                      class="MuiCircularProgress-circle MuiCircularProgress-circleIndeterminate css-176wh8e-MuiCircularProgress-circle"
                      cx="44"
                      cy="44"
                      fill="none"
                      r="20.2"
                      stroke-width="3.6"
                    />
                  </svg>
                </span>
              </div>
            </div>
          </div>
          <div
            class="MuiGrid-root MuiGrid-item MuiGrid-grid-xs-12 css-1blmxdp-MuiGrid-root"
            data-testid="UserRepos"
          >
            <h6
              class="MuiTypography-root MuiTypography-h6 css-2ulfj5-MuiTypography-root"
            >
              Проекты:
            </h6>
            <div
              class="MuiGrid-root MuiGrid-container MuiGrid-spacing-xs-2 css-1tola1h-MuiGrid-root"
            >
              <div
                class="MuiBox-root css-u9vudo"
                data-testid="Loader"
              >
                <span
                  class="MuiCircularProgress-root MuiCircularProgress-indeterminate MuiCircularProgress-colorPrimary css-18lrjg1-MuiCircularProgress-root"
                  role="progressbar"
                  style="width: 40px; height: 40px;"
                >
                  <svg
                    class="MuiCircularProgress-svg css-1idz92c-MuiCircularProgress-svg"
                    viewBox="22 22 44 44"
                  >
                    <circle
                      class="MuiCircularProgress-circle MuiCircularProgress-circleIndeterminate css-176wh8e-MuiCircularProgress-circle"
                      cx="44"
                      cy="44"
                      fill="none"
                      r="20.2"
                      stroke-width="3.6"
                    />
                  </svg>
                </span>
              </div>
            </div>
          </div>
        </div>
      </div>
    </div>
  </body>,
  "container": <div>
    <div
      data-testid="User"
    >
      <div
        data-testid="GoBackButton"
      >
        <button
          class="MuiButtonBase-root MuiIconButton-root MuiIconButton-colorPrimary MuiIconButton-sizeMedium css-1kuq5xv-MuiButtonBase-root-MuiIconButton-root"
          tabindex="0"
          type="button"
        >
          <svg
            aria-hidden="true"
            class="MuiSvgIcon-root MuiSvgIcon-fontSizeMedium css-h0nxb2-MuiSvgIcon-root"
            data-testid="ArrowBackIcon"
            focusable="false"
            viewBox="0 0 24 24"
          >
            <path
              d="M20 11H7.83l5.59-5.59L12 4l-8 8 8 8 1.41-1.41L7.83 13H20v-2z"
            />
          </svg>
          <span
            class="MuiTouchRipple-root css-8je8zh-MuiTouchRipple-root"
          />
        </button>
      </div>
      <div
        class="MuiGrid-root MuiGrid-container MuiGrid-spacing-xs-3 css-zow5z4-MuiGrid-root"
      >
        <div
          class="MuiGrid-root MuiGrid-item MuiGrid-grid-xs-12 MuiGrid-grid-md-4 css-1lj5egr-MuiGrid-root"
          data-testid="UserInfo"
        >
          <div
            class="MuiPaper-root MuiPaper-elevation MuiPaper-rounded MuiPaper-elevation1 MuiCard-root css-84mkcn-MuiPaper-root-MuiCard-root"
          >
            <div
              class="MuiBox-root css-u9vudo"
              data-testid="Loader"
            >
              <span
                class="MuiCircularProgress-root MuiCircularProgress-indeterminate MuiCircularProgress-colorPrimary css-18lrjg1-MuiCircularProgress-root"
                role="progressbar"
                style="width: 40px; height: 40px;"
              >
                <svg
                  class="MuiCircularProgress-svg css-1idz92c-MuiCircularProgress-svg"
                  viewBox="22 22 44 44"
                >
                  <circle
                    class="MuiCircularProgress-circle MuiCircularProgress-circleIndeterminate css-176wh8e-MuiCircularProgress-circle"
                    cx="44"
                    cy="44"
                    fill="none"
                    r="20.2"
                    stroke-width="3.6"
                  />
                </svg>
              </span>
            </div>
          </div>
        </div>
        <div
          class="MuiGrid-root MuiGrid-item MuiGrid-grid-xs-12 MuiGrid-grid-md-8 css-9drkqd-MuiGrid-root"
          data-testid="UserTechnologies"
        >
          <div
            class="MuiPaper-root MuiPaper-elevation MuiPaper-rounded MuiPaper-elevation1 MuiCard-root css-u5bj03-MuiPaper-root-MuiCard-root"
          >
            <h6
              class="MuiTypography-root MuiTypography-h6 css-khsj22-MuiTypography-root"
            >
              Технологии:
            </h6>
            <div
              class="MuiBox-root css-u9vudo"
              data-testid="Loader"
            >
              <span
                class="MuiCircularProgress-root MuiCircularProgress-indeterminate MuiCircularProgress-colorPrimary css-18lrjg1-MuiCircularProgress-root"
                role="progressbar"
                style="width: 40px; height: 40px;"
              >
                <svg
                  class="MuiCircularProgress-svg css-1idz92c-MuiCircularProgress-svg"
                  viewBox="22 22 44 44"
                >
                  <circle
                    class="MuiCircularProgress-circle MuiCircularProgress-circleIndeterminate css-176wh8e-MuiCircularProgress-circle"
                    cx="44"
                    cy="44"
                    fill="none"
                    r="20.2"
                    stroke-width="3.6"
                  />
                </svg>
              </span>
            </div>
          </div>
        </div>
        <div
          class="MuiGrid-root MuiGrid-item MuiGrid-grid-xs-12 css-1blmxdp-MuiGrid-root"
          data-testid="UserRepos"
        >
          <h6
            class="MuiTypography-root MuiTypography-h6 css-2ulfj5-MuiTypography-root"
          >
            Проекты:
          </h6>
          <div
            class="MuiGrid-root MuiGrid-container MuiGrid-spacing-xs-2 css-1tola1h-MuiGrid-root"
          >
            <div
              class="MuiBox-root css-u9vudo"
              data-testid="Loader"
            >
              <span
                class="MuiCircularProgress-root MuiCircularProgress-indeterminate MuiCircularProgress-colorPrimary css-18lrjg1-MuiCircularProgress-root"
                role="progressbar"
                style="width: 40px; height: 40px;"
              >
                <svg
                  class="MuiCircularProgress-svg css-1idz92c-MuiCircularProgress-svg"
                  viewBox="22 22 44 44"
                >
                  <circle
                    class="MuiCircularProgress-circle MuiCircularProgress-circleIndeterminate css-176wh8e-MuiCircularProgress-circle"
                    cx="44"
                    cy="44"
                    fill="none"
                    r="20.2"
                    stroke-width="3.6"
                  />
                </svg>
              </span>
            </div>
          </div>
        </div>
      </div>
    </div>
  </div>,
  "debug": [Function],
  "findAllByAltText": [Function],
  "findAllByDisplayValue": [Function],
  "findAllByLabelText": [Function],
  "findAllByPlaceholderText": [Function],
  "findAllByRole": [Function],
  "findAllByTestId": [Function],
  "findAllByText": [Function],
  "findAllByTitle": [Function],
  "findByAltText": [Function],
  "findByDisplayValue": [Function],
  "findByLabelText": [Function],
  "findByPlaceholderText": [Function],
  "findByRole": [Function],
  "findByTestId": [Function],
  "findByText": [Function],
  "findByTitle": [Function],
  "getAllByAltText": [Function],
  "getAllByDisplayValue": [Function],
  "getAllByLabelText": [Function],
  "getAllByPlaceholderText": [Function],
  "getAllByRole": [Function],
  "getAllByTestId": [Function],
  "getAllByText": [Function],
  "getAllByTitle": [Function],
  "getByAltText": [Function],
  "getByDisplayValue": [Function],
  "getByLabelText": [Function],
  "getByPlaceholderText": [Function],
  "getByRole": [Function],
  "getByTestId": [Function],
  "getByText": [Function],
  "getByTitle": [Function],
  "queryAllByAltText": [Function],
  "queryAllByDisplayValue": [Function],
  "queryAllByLabelText": [Function],
  "queryAllByPlaceholderText": [Function],
  "queryAllByRole": [Function],
  "queryAllByTestId": [Function],
  "queryAllByText": [Function],
  "queryAllByTitle": [Function],
  "queryByAltText": [Function],
  "queryByDisplayValue": [Function],
  "queryByLabelText": [Function],
  "queryByPlaceholderText": [Function],
  "queryByRole": [Function],
  "queryByTestId": [Function],
  "queryByText": [Function],
  "queryByTitle": [Function],
  "rerender": [Function],
  "unmount": [Function],
}
`;
