// Jest Snapshot v1, https://goo.gl/fbAQLP

exports[`HomeTextBlock component HomeTextBlock snapshot 1`] = `
Object {
  "asFragment": [Function],
  "baseElement": <body>
    <div>
      <div
        data-testid="HomeTextBlock"
      >
        <div
          class="MuiBox-root css-cph0fm"
        >
          <div
            class="MuiBox-root css-s8vbhp"
          >
            <h4
              class="MuiTypography-root MuiTypography-h4 css-11kybd2-MuiTypography-root"
            >
              Сергей Бернякович
            </h4>
            <h5
              class="MuiTypography-root MuiTypography-h5 css-1invrju-MuiTypography-root"
            >
              Frontend разработчик (React)
            </h5>
          </div>
        </div>
        <p
          class="MuiTypography-root MuiTypography-body1 css-764ec4-MuiTypography-root"
        >
          Данный сервис преобразовывает информацию о пользователях GitHub в удобное портфолио и может использоваться рекрутерами для просмотра аккаунтов и оценки уровня кандидатов.
        </p>
      </div>
    </div>
  </body>,
  "container": <div>
    <div
      data-testid="HomeTextBlock"
    >
      <div
        class="MuiBox-root css-cph0fm"
      >
        <div
          class="MuiBox-root css-s8vbhp"
        >
          <h4
            class="MuiTypography-root MuiTypography-h4 css-11kybd2-MuiTypography-root"
          >
            Сергей Бернякович
          </h4>
          <h5
            class="MuiTypography-root MuiTypography-h5 css-1invrju-MuiTypography-root"
          >
            Frontend разработчик (React)
          </h5>
        </div>
      </div>
      <p
        class="MuiTypography-root MuiTypography-body1 css-764ec4-MuiTypography-root"
      >
        Данный сервис преобразовывает информацию о пользователях GitHub в удобное портфолио и может использоваться рекрутерами для просмотра аккаунтов и оценки уровня кандидатов.
      </p>
    </div>
  </div>,
  "debug": [Function],
  "findAllByAltText": [Function],
  "findAllByDisplayValue": [Function],
  "findAllByLabelText": [Function],
  "findAllByPlaceholderText": [Function],
  "findAllByRole": [Function],
  "findAllByTestId": [Function],
  "findAllByText": [Function],
  "findAllByTitle": [Function],
  "findByAltText": [Function],
  "findByDisplayValue": [Function],
  "findByLabelText": [Function],
  "findByPlaceholderText": [Function],
  "findByRole": [Function],
  "findByTestId": [Function],
  "findByText": [Function],
  "findByTitle": [Function],
  "getAllByAltText": [Function],
  "getAllByDisplayValue": [Function],
  "getAllByLabelText": [Function],
  "getAllByPlaceholderText": [Function],
  "getAllByRole": [Function],
  "getAllByTestId": [Function],
  "getAllByText": [Function],
  "getAllByTitle": [Function],
  "getByAltText": [Function],
  "getByDisplayValue": [Function],
  "getByLabelText": [Function],
  "getByPlaceholderText": [Function],
  "getByRole": [Function],
  "getByTestId": [Function],
  "getByText": [Function],
  "getByTitle": [Function],
  "queryAllByAltText": [Function],
  "queryAllByDisplayValue": [Function],
  "queryAllByLabelText": [Function],
  "queryAllByPlaceholderText": [Function],
  "queryAllByRole": [Function],
  "queryAllByTestId": [Function],
  "queryAllByText": [Function],
  "queryAllByTitle": [Function],
  "queryByAltText": [Function],
  "queryByDisplayValue": [Function],
  "queryByLabelText": [Function],
  "queryByPlaceholderText": [Function],
  "queryByRole": [Function],
  "queryByTestId": [Function],
  "queryByText": [Function],
  "queryByTitle": [Function],
  "rerender": [Function],
  "unmount": [Function],
}
`;
